Future Technology Devices International Limited (c) 2007-2010, All Rights Reserved


CPU_CORE =   VC2, CPU_RAM_SIZE= 16 KB, CPU_ROM_SIZE=256 KB

Linker Version  = V1.0.1 Loader Version =  V1.0.1
Tue May 26 16:32:17 2015


=================================================================================================================

SEGMENT_MAP    
=================================================================================================================

Start Address                  Segment Name                   Segment Size
=================================================================================================================

0003c0 .text                          0000010af8
010eb8 .dataFlash                     00000004d1
000000 .dataRAM                       00000004d1
0004d1 .bss                           0000000534
000a05 .HeapRAM                       00000031fa

=================================================================================================================

SYMBOL_TABLE   
=================================================================================================================

SYM ADDRESS PUBLIC SYM NAME                SYM TYPE   MEM TYPE FILE NAME            SYM SIZE  
NOTE:L=LABEL F=FUNCTION 0=FLASH and 1=RAM
=================================================================================================================

0043a main                           F              0 USBHostHID2.obj      000bd
004f7 usbhost_connect_state          F              0 USBHostHID2.obj      00058
0054f open_drivers                   F              0 USBHostHID2.obj      0002f
0057e attach_drivers                 F              0 USBHostHID2.obj      00001
0057f close_drivers                  F              0 USBHostHID2.obj      00015
00594 message                        F              0 USBHostHID2.obj      00001
00595 number                         F              0 USBHostHID2.obj      00001
00596 USB_thread                     F              0 USBHostHID2.obj      00efc
01492 PS2_thread                     F              0 USBHostHID2.obj      0010b
004d1 ReportID_MS                    L              1 USBHostHID2.obj      00028
004f9 hid_parser                     L              1 USBHostHID2.obj      00100
005f9 ReportID_tbl                   L              1 USBHostHID2.obj      00028
00621 max_ReportID                   L              1 USBHostHID2.obj      00001
00622 hc_iocb_class                  L              1 USBHostHID2.obj      00003
00625 buf                            L              1 USBHostHID2.obj      00080
006a5 pDATA                          L              1 USBHostHID2.obj      00002
006a7 hUsb                           L              1 USBHostHID2.obj      00004
006ab hid_parce_data                 L              1 USBHostHID2.obj      00047
006f2 MS_OK                          L              1 USBHostHID2.obj      00001
006f3 hUART                          L              1 USBHostHID2.obj      00002
006f5 Xpos                           L              1 USBHostHID2.obj      00004
006f9 Ypos                           L              1 USBHostHID2.obj      00004
006fd PS2_KB                         L              1 USBHostHID2.obj      00019
00716 PS2_MS                         L              1 USBHostHID2.obj      0000e
00724 pPS2_KB                        L              1 USBHostHID2.obj      00002
00726 ifInfo                         L              1 USBHostHID2.obj      00007
0072d pParser                        L              1 USBHostHID2.obj      00002
0072f hUSBHOST_1                     L              1 USBHostHID2.obj      00002
00731 hUSBHOST_2                     L              1 USBHostHID2.obj      00002
00733 hid_data                       L              1 USBHostHID2.obj      00047
0077a hid_path                       L              1 USBHostHID2.obj      00029
007a3 sem_list                       L              1 USBHostHID2.obj      00002
007a5 hid_Bdata                      L              1 USBHostHID2.obj      00047
007ec hid_Wdata                      L              1 USBHostHID2.obj      00047
00833 hid_Xdata                      L              1 USBHostHID2.obj      00047
0087a hid_Ydata                      L              1 USBHostHID2.obj      00047
008c1 tcbFIRMWARE                    L              1 USBHostHID2.obj      00002
008c3 phid_data                      L              1 USBHostHID2.obj      00002
008c5 hGPIO_PORT_A                   L              1 USBHostHID2.obj      00002
008c7 phid_Bdata                     L              1 USBHostHID2.obj      00002
008c9 phid_Wdata                     L              1 USBHostHID2.obj      00002
008cb phid_Xdata                     L              1 USBHostHID2.obj      00002
008cd phid_Ydata                     L              1 USBHostHID2.obj      00002
0e8bb iomux_setup                    F              0 USBHostHID2_iomux.obj 000db
0e996 ResetParser                    F              0 hidparser.obj        000af
0ea45 ResetLocalState                F              0 hidparser.obj        0002a
0ea6f GetReportOffset                F              0 hidparser.obj        00136
0eba5 FormatValue                    F              0 hidparser.obj        00042
0ebe7 HIDParse                       F              0 hidparser.obj        00d9e
0f985 GetValue                       F              0 hidparser.obj        000e7
0fa6c GetValueXY                     F              0 hidparser.obj        0016f
0fbdb ReportID_DataLength            F              0 hidparser.obj        00060
0fc3b ReportID_Offset                F              0 hidparser.obj        00060
0fc9b FindReport_max_ID              F              0 hidparser.obj        00051
0fcec FindMouse_XYW                  F              0 hidparser.obj        0007e
0fd6a FindMouse_Buttons              F              0 hidparser.obj        000a5
002db eol                            L              1 hidparser.obj        00002
002e0 ItemSize                       L              1 hidparser.obj        00004
0fe0f PS2dev_init                    F              0 ps2dev.obj           0002a
0fe39 PS2dev_unlock                  F              0 ps2dev.obj           0000d
0fe46 LED_ON                         F              0 ps2dev.obj           00034
0fe7a LED_OFF                        F              0 ps2dev.obj           00034
0feae delayMicroseconds              F              0 ps2dev.obj           00001
0feaf golo                           F              0 ps2dev.obj           0003a
0fee9 gohi                           F              0 ps2dev.obj           0003d
0ff26 digitalRead                    F              0 ps2dev.obj           00043
0ff69 PS2dev_host_req                F              0 ps2dev.obj           00035
0ff9e PS2dev_write                   F              0 ps2dev.obj           00193
10131 PS2dev_write_c                 F              0 ps2dev.obj           001ca
102fb PS2dev_read                    F              0 ps2dev.obj           00137
10432 PS2KB_write                    F              0 ps2dev.obj           0013c
009fd GPIO_Lock                      L              1 ps2dev.obj           00006
00a03 port_data                      L              1 ps2dev.obj           00001
00a04 port_mode                      L              1 ps2dev.obj           00001
1056e PS2_mouse_init                 F              0 ps2_mouse.obj        00057
105c5 ack                            F              0 ps2_mouse.obj        00014
105d9 MS_wr_packet                   F              0 ps2_mouse.obj        001c3
1079c MS_cmd                         F              0 ps2_mouse.obj        0018c
10928 SET_BIT                        F              0 ps2_keyboard.obj     00028
10950 CHECK_BIT                      F              0 ps2_keyboard.obj     0002a
1097a PS2_keyboard_init              F              0 ps2_keyboard.obj     0003f
109b9 KBParse                        F              0 ps2_keyboard.obj     004da
10e93 USB_PS2                        F              0 ps2_keyboard.obj     00025
00320 Fkeys                          L              1 ps2_keyboard.obj     00008
00328 USB_PS2_tb                     L              1 ps2_keyboard.obj     00100
